[0.686s] DEBUG:colcon:Command line arguments: ['/usr/bin/colcon', 'build']
[0.686s] DEBUG:colcon:Parsed command line arguments: Namespace(log_base=None, log_level=None, verb_name='build', build_base='build', install_base='install', merge_install=False, symlink_install=False, test_result_base=None, continue_on_error=False, executor='parallel', parallel_workers=4, event_handlers=None, ignore_user_meta=False, metas=['./colcon.meta'], base_paths=['.'], packages_ignore=None, packages_ignore_regex=None, paths=None, packages_up_to=None, packages_up_to_regex=None, packages_above=None, packages_above_and_dependencies=None, packages_above_depth=None, packages_select_by_dep=None, packages_skip_by_dep=None, packages_skip_up_to=None, packages_select_build_failed=False, packages_skip_build_finished=False, packages_select_test_failures=False, packages_skip_test_passed=False, packages_select=None, packages_skip=None, packages_select_regex=None, packages_skip_regex=None, packages_start=None, packages_end=None, allow_overriding=[], cmake_args=None, cmake_target=None, cmake_target_skip_unavailable=False, cmake_clean_cache=False, cmake_clean_first=False, cmake_force_configure=False, ament_cmake_args=None, catkin_cmake_args=None, catkin_skip_building_tests=False, mixin_files=None, mixin=None, verb_parser=<colcon_mixin.mixin.mixin_argument.MixinArgumentDecorator object at 0xffffa437c670>, verb_extension=<colcon_core.verb.build.BuildVerb object at 0xffffa447d5d0>, main=<bound method BuildVerb.main of <colcon_core.verb.build.BuildVerb object at 0xffffa447d5d0>>, mixin_verb=('build',))
[1.763s] Level 1:colcon.colcon_core.package_discovery:discover_packages(colcon_meta) check parameters
[1.763s] Level 1:colcon.colcon_core.package_discovery:discover_packages(recursive) check parameters
[1.764s] Level 1:colcon.colcon_core.package_discovery:discover_packages(ignore) check parameters
[1.764s] Level 1:colcon.colcon_core.package_discovery:discover_packages(path) check parameters
[1.764s] Level 1:colcon.colcon_core.package_discovery:discover_packages(colcon_meta) discover
[1.764s] Level 1:colcon.colcon_core.package_discovery:discover_packages(recursive) discover
[1.764s] INFO:colcon.colcon_core.package_discovery:Crawling recursively for packages in '/home/axarbot/xbox_controller_rpi/xbox_controler'
[1.765s] Level 1:colcon.colcon_core.package_identification:_identify(.) by extensions ['ignore', 'ignore_ament_install']
[1.765s] Level 1:colcon.colcon_core.package_identification:_identify(.) by extension 'ignore'
[1.765s] Level 1:colcon.colcon_core.package_identification:_identify(.) by extension 'ignore_ament_install'
[1.766s] Level 1:colcon.colcon_core.package_identification:_identify(.) by extensions ['colcon_pkg']
[1.766s] Level 1:colcon.colcon_core.package_identification:_identify(.) by extension 'colcon_pkg'
[1.766s] Level 1:colcon.colcon_core.package_identification:_identify(.) by extensions ['colcon_meta']
[1.766s] Level 1:colcon.colcon_core.package_identification:_identify(.) by extension 'colcon_meta'
[1.766s] Level 1:colcon.colcon_core.package_identification:_identify(.) by extensions ['ros']
[1.767s] Level 1:colcon.colcon_core.package_identification:_identify(.) by extension 'ros'
[1.854s] DEBUG:colcon.colcon_core.package_identification:Package '.' with type 'ros.ament_python' and name 'xbox_controler'
[1.854s] Level 1:colcon.colcon_core.package_discovery:discover_packages(recursive) using defaults
[1.854s] Level 1:colcon.colcon_core.package_discovery:discover_packages(ignore) discover
[1.854s] Level 1:colcon.colcon_core.package_discovery:discover_packages(ignore) using defaults
[1.855s] Level 1:colcon.colcon_core.package_discovery:discover_packages(path) discover
[1.855s] Level 1:colcon.colcon_core.package_discovery:discover_packages(path) using defaults
[1.964s] Level 1:colcon.colcon_core.package_discovery:discover_packages(prefix_path) check parameters
[1.964s] Level 1:colcon.colcon_core.package_discovery:discover_packages(prefix_path) discover
[1.983s] DEBUG:colcon.colcon_installed_package_information.package_discovery:Found 195 installed packages in /opt/ros/humble
[1.989s] Level 1:colcon.colcon_core.package_discovery:discover_packages(prefix_path) using defaults
[2.149s] Level 5:colcon.colcon_core.verb:set package 'xbox_controler' build argument 'cmake_args' from command line to 'None'
[2.149s] Level 5:colcon.colcon_core.verb:set package 'xbox_controler' build argument 'cmake_target' from command line to 'None'
[2.149s] Level 5:colcon.colcon_core.verb:set package 'xbox_controler' build argument 'cmake_target_skip_unavailable' from command line to 'False'
[2.149s] Level 5:colcon.colcon_core.verb:set package 'xbox_controler' build argument 'cmake_clean_cache' from command line to 'False'
[2.149s] Level 5:colcon.colcon_core.verb:set package 'xbox_controler' build argument 'cmake_clean_first' from command line to 'False'
[2.149s] Level 5:colcon.colcon_core.verb:set package 'xbox_controler' build argument 'cmake_force_configure' from command line to 'False'
[2.149s] Level 5:colcon.colcon_core.verb:set package 'xbox_controler' build argument 'ament_cmake_args' from command line to 'None'
[2.150s] Level 5:colcon.colcon_core.verb:set package 'xbox_controler' build argument 'catkin_cmake_args' from command line to 'None'
[2.150s] Level 5:colcon.colcon_core.verb:set package 'xbox_controler' build argument 'catkin_skip_building_tests' from command line to 'False'
[2.150s] DEBUG:colcon.colcon_core.verb:Building package 'xbox_controler' with the following arguments: {'ament_cmake_args': None, 'build_base': '/home/axarbot/xbox_controller_rpi/xbox_controler/build/xbox_controler', 'catkin_cmake_args': None, 'catkin_skip_building_tests': False, 'cmake_args': None, 'cmake_clean_cache': False, 'cmake_clean_first': False, 'cmake_force_configure': False, 'cmake_target': None, 'cmake_target_skip_unavailable': False, 'install_base': '/home/axarbot/xbox_controller_rpi/xbox_controler/install/xbox_controler', 'merge_install': False, 'path': '/home/axarbot/xbox_controller_rpi/xbox_controler', 'symlink_install': False, 'test_result_base': None}
[2.150s] INFO:colcon.colcon_core.executor:Executing jobs using 'parallel' executor
[2.154s] DEBUG:colcon.colcon_parallel_executor.executor.parallel:run_until_complete
[2.155s] INFO:colcon.colcon_ros.task.ament_python.build:Building ROS package in '/home/axarbot/xbox_controller_rpi/xbox_controler' with build type 'ament_python'
[2.155s] Level 1:colcon.colcon_core.shell:create_environment_hook('xbox_controler', 'ament_prefix_path')
[2.174s] INFO:colcon.colcon_core.plugin_system:Skipping extension 'colcon_core.shell.bat': Not used on non-Windows systems
[2.175s] INFO:colcon.colcon_core.shell:Creating environment hook '/home/axarbot/xbox_controller_rpi/xbox_controler/install/xbox_controler/share/xbox_controler/hook/ament_prefix_path.ps1'
[2.180s] INFO:colcon.colcon_core.shell:Creating environment descriptor '/home/axarbot/xbox_controller_rpi/xbox_controler/install/xbox_controler/share/xbox_controler/hook/ament_prefix_path.dsv'
[2.184s] INFO:colcon.colcon_core.shell:Creating environment hook '/home/axarbot/xbox_controller_rpi/xbox_controler/install/xbox_controler/share/xbox_controler/hook/ament_prefix_path.sh'
[2.188s] INFO:colcon.colcon_core.shell:Skip shell extension 'powershell' for command environment: Not usable outside of PowerShell
[2.189s] DEBUG:colcon.colcon_core.shell:Skip shell extension 'dsv' for command environment
[3.274s] INFO:colcon.colcon_core.task.python.build:Building Python package in '/home/axarbot/xbox_controller_rpi/xbox_controler'
[3.275s] INFO:colcon.colcon_core.shell:Skip shell extension 'powershell' for command environment: Not usable outside of PowerShell
[3.275s] DEBUG:colcon.colcon_core.shell:Skip shell extension 'dsv' for command environment
[5.454s] DEBUG:colcon.colcon_core.event_handler.log_command:Invoking command in '/home/axarbot/xbox_controller_rpi/xbox_controler': PYTHONPATH=/home/axarbot/xbox_controller_rpi/xbox_controler/build/xbox_controler/prefix_override:/usr/lib/python3/dist-packages/colcon_core/task/python/colcon_distutils_commands:/home/axarbot/xbox_controller_rpi/xbox_controler/install/xbox_controler/lib/python3.10/site-packages:${PYTHONPATH} /usr/bin/python3 -W ignore:setup.py install is deprecated -W ignore:easy_install command is deprecated setup.py egg_info --egg-base build/xbox_controler build --build-base /home/axarbot/xbox_controller_rpi/xbox_controler/build/xbox_controler/build install --record /home/axarbot/xbox_controller_rpi/xbox_controler/build/xbox_controler/install.log --single-version-externally-managed install_data
[6.689s] DEBUG:colcon.colcon_core.event_handler.log_command:Invoked command in '/home/axarbot/xbox_controller_rpi/xbox_controler' returned '0': PYTHONPATH=/home/axarbot/xbox_controller_rpi/xbox_controler/build/xbox_controler/prefix_override:/usr/lib/python3/dist-packages/colcon_core/task/python/colcon_distutils_commands:/home/axarbot/xbox_controller_rpi/xbox_controler/install/xbox_controler/lib/python3.10/site-packages:${PYTHONPATH} /usr/bin/python3 -W ignore:setup.py install is deprecated -W ignore:easy_install command is deprecated setup.py egg_info --egg-base build/xbox_controler build --build-base /home/axarbot/xbox_controller_rpi/xbox_controler/build/xbox_controler/build install --record /home/axarbot/xbox_controller_rpi/xbox_controler/build/xbox_controler/install.log --single-version-externally-managed install_data
[6.712s] Level 1:colcon.colcon_core.environment:checking '/home/axarbot/xbox_controller_rpi/xbox_controler/install/xbox_controler' for CMake module files
[6.715s] Level 1:colcon.colcon_core.environment:checking '/home/axarbot/xbox_controller_rpi/xbox_controler/install/xbox_controler' for CMake config files
[6.720s] Level 1:colcon.colcon_core.environment:checking '/home/axarbot/xbox_controller_rpi/xbox_controler/install/xbox_controler/lib'
[6.721s] Level 1:colcon.colcon_core.environment:checking '/home/axarbot/xbox_controller_rpi/xbox_controler/install/xbox_controler/bin'
[6.722s] Level 1:colcon.colcon_core.environment:checking '/home/axarbot/xbox_controller_rpi/xbox_controler/install/xbox_controler/lib/pkgconfig/xbox_controler.pc'
[6.723s] Level 1:colcon.colcon_core.environment:checking '/home/axarbot/xbox_controller_rpi/xbox_controler/install/xbox_controler/lib/python3.10/site-packages'
[6.723s] Level 1:colcon.colcon_core.shell:create_environment_hook('xbox_controler', 'pythonpath')
[6.724s] INFO:colcon.colcon_core.shell:Creating environment hook '/home/axarbot/xbox_controller_rpi/xbox_controler/install/xbox_controler/share/xbox_controler/hook/pythonpath.ps1'
[6.726s] INFO:colcon.colcon_core.shell:Creating environment descriptor '/home/axarbot/xbox_controller_rpi/xbox_controler/install/xbox_controler/share/xbox_controler/hook/pythonpath.dsv'
[6.728s] INFO:colcon.colcon_core.shell:Creating environment hook '/home/axarbot/xbox_controller_rpi/xbox_controler/install/xbox_controler/share/xbox_controler/hook/pythonpath.sh'
[6.732s] Level 1:colcon.colcon_core.environment:checking '/home/axarbot/xbox_controller_rpi/xbox_controler/install/xbox_controler/bin'
[6.732s] Level 1:colcon.colcon_core.environment:create_environment_scripts_only(xbox_controler)
[6.733s] INFO:colcon.colcon_core.shell:Creating package script '/home/axarbot/xbox_controller_rpi/xbox_controler/install/xbox_controler/share/xbox_controler/package.ps1'
[6.738s] INFO:colcon.colcon_core.shell:Creating package descriptor '/home/axarbot/xbox_controller_rpi/xbox_controler/install/xbox_controler/share/xbox_controler/package.dsv'
[6.741s] INFO:colcon.colcon_core.shell:Creating package script '/home/axarbot/xbox_controller_rpi/xbox_controler/install/xbox_controler/share/xbox_controler/package.sh'
[6.745s] INFO:colcon.colcon_core.shell:Creating package script '/home/axarbot/xbox_controller_rpi/xbox_controler/install/xbox_controler/share/xbox_controler/package.bash'
[6.750s] INFO:colcon.colcon_core.shell:Creating package script '/home/axarbot/xbox_controller_rpi/xbox_controler/install/xbox_controler/share/xbox_controler/package.zsh'
[6.754s] Level 1:colcon.colcon_core.environment:create_file_with_runtime_dependencies(/home/axarbot/xbox_controller_rpi/xbox_controler/install/xbox_controler/share/colcon-core/packages/xbox_controler)
[6.756s] DEBUG:colcon.colcon_parallel_executor.executor.parallel:closing loop
[6.756s] DEBUG:colcon.colcon_parallel_executor.executor.parallel:loop closed
[6.757s] DEBUG:colcon.colcon_parallel_executor.executor.parallel:run_until_complete finished with '0'
[6.757s] DEBUG:colcon.colcon_core.event_reactor:joining thread
[6.782s] INFO:colcon.colcon_core.plugin_system:Skipping extension 'colcon_notification.desktop_notification.notify_send': Could not find 'notify-send'
[6.783s] INFO:colcon.colcon_core.plugin_system:Skipping extension 'colcon_notification.desktop_notification.terminal_notifier': Not used on non-Darwin systems
[6.783s] INFO:colcon.colcon_core.plugin_system:Skipping extension 'colcon_notification.desktop_notification.win32': Not used on non-Windows systems
[6.783s] INFO:colcon.colcon_notification.desktop_notification:Sending desktop notification using 'notify2'
[6.786s] DEBUG:colcon.colcon_notification.desktop_notification.notify2:Failed to initialize notify2: org.freedesktop.DBus.Error.ServiceUnknown: The name org.freedesktop.Notifications was not provided by any .service files
[6.787s] DEBUG:colcon.colcon_core.event_reactor:joined thread
[6.788s] INFO:colcon.colcon_core.shell:Creating prefix script '/home/axarbot/xbox_controller_rpi/xbox_controler/install/local_setup.ps1'
[6.792s] INFO:colcon.colcon_core.shell:Creating prefix util module '/home/axarbot/xbox_controller_rpi/xbox_controler/install/_local_setup_util_ps1.py'
[6.800s] INFO:colcon.colcon_core.shell:Creating prefix chain script '/home/axarbot/xbox_controller_rpi/xbox_controler/install/setup.ps1'
[6.805s] INFO:colcon.colcon_core.shell:Creating prefix script '/home/axarbot/xbox_controller_rpi/xbox_controler/install/local_setup.sh'
[6.809s] INFO:colcon.colcon_core.shell:Creating prefix util module '/home/axarbot/xbox_controller_rpi/xbox_controler/install/_local_setup_util_sh.py'
[6.812s] INFO:colcon.colcon_core.shell:Creating prefix chain script '/home/axarbot/xbox_controller_rpi/xbox_controler/install/setup.sh'
[6.817s] INFO:colcon.colcon_core.shell:Creating prefix script '/home/axarbot/xbox_controller_rpi/xbox_controler/install/local_setup.bash'
[6.820s] INFO:colcon.colcon_core.shell:Creating prefix chain script '/home/axarbot/xbox_controller_rpi/xbox_controler/install/setup.bash'
[6.825s] INFO:colcon.colcon_core.shell:Creating prefix script '/home/axarbot/xbox_controller_rpi/xbox_controler/install/local_setup.zsh'
[6.828s] INFO:colcon.colcon_core.shell:Creating prefix chain script '/home/axarbot/xbox_controller_rpi/xbox_controler/install/setup.zsh'
