[0.443s] DEBUG:colcon:Command line arguments: ['/usr/bin/colcon', 'build']
[0.443s] DEBUG:colcon:Parsed command line arguments: Namespace(log_base=None, log_level=None, verb_name='build', build_base='build', install_base='install', merge_install=False, symlink_install=False, test_result_base=None, continue_on_error=False, executor='parallel', parallel_workers=4, event_handlers=None, ignore_user_meta=False, metas=['./colcon.meta'], base_paths=['.'], packages_ignore=None, packages_ignore_regex=None, paths=None, packages_up_to=None, packages_up_to_regex=None, packages_above=None, packages_above_and_dependencies=None, packages_above_depth=None, packages_select_by_dep=None, packages_skip_by_dep=None, packages_skip_up_to=None, packages_select_build_failed=False, packages_skip_build_finished=False, packages_select_test_failures=False, packages_skip_test_passed=False, packages_select=None, packages_skip=None, packages_select_regex=None, packages_skip_regex=None, packages_start=None, packages_end=None, allow_overriding=[], cmake_args=None, cmake_target=None, cmake_target_skip_unavailable=False, cmake_clean_cache=False, cmake_clean_first=False, cmake_force_configure=False, ament_cmake_args=None, catkin_cmake_args=None, catkin_skip_building_tests=False, mixin_files=None, mixin=None, verb_parser=<colcon_mixin.mixin.mixin_argument.MixinArgumentDecorator object at 0xffffb4f2c670>, verb_extension=<colcon_core.verb.build.BuildVerb object at 0xffffb502d5d0>, main=<bound method BuildVerb.main of <colcon_core.verb.build.BuildVerb object at 0xffffb502d5d0>>, mixin_verb=('build',))
[1.137s] Level 1:colcon.colcon_core.package_discovery:discover_packages(colcon_meta) check parameters
[1.138s] Level 1:colcon.colcon_core.package_discovery:discover_packages(recursive) check parameters
[1.138s] Level 1:colcon.colcon_core.package_discovery:discover_packages(ignore) check parameters
[1.138s] Level 1:colcon.colcon_core.package_discovery:discover_packages(path) check parameters
[1.138s] Level 1:colcon.colcon_core.package_discovery:discover_packages(colcon_meta) discover
[1.138s] Level 1:colcon.colcon_core.package_discovery:discover_packages(recursive) discover
[1.138s] INFO:colcon.colcon_core.package_discovery:Crawling recursively for packages in '/home/axarbot/xbox_controller_rpi/xbox_controler'
[1.139s] Level 1:colcon.colcon_core.package_identification:_identify(.) by extensions ['ignore', 'ignore_ament_install']
[1.139s] Level 1:colcon.colcon_core.package_identification:_identify(.) by extension 'ignore'
[1.139s] Level 1:colcon.colcon_core.package_identification:_identify(.) by extension 'ignore_ament_install'
[1.140s] Level 1:colcon.colcon_core.package_identification:_identify(.) by extensions ['colcon_pkg']
[1.140s] Level 1:colcon.colcon_core.package_identification:_identify(.) by extension 'colcon_pkg'
[1.140s] Level 1:colcon.colcon_core.package_identification:_identify(.) by extensions ['colcon_meta']
[1.140s] Level 1:colcon.colcon_core.package_identification:_identify(.) by extension 'colcon_meta'
[1.140s] Level 1:colcon.colcon_core.package_identification:_identify(.) by extensions ['ros']
[1.140s] Level 1:colcon.colcon_core.package_identification:_identify(.) by extension 'ros'
[1.196s] DEBUG:colcon.colcon_core.package_identification:Package '.' with type 'ros.ament_python' and name 'xbox_controler'
[1.197s] Level 1:colcon.colcon_core.package_discovery:discover_packages(recursive) using defaults
[1.197s] Level 1:colcon.colcon_core.package_discovery:discover_packages(ignore) discover
[1.197s] Level 1:colcon.colcon_core.package_discovery:discover_packages(ignore) using defaults
[1.197s] Level 1:colcon.colcon_core.package_discovery:discover_packages(path) discover
[1.197s] Level 1:colcon.colcon_core.package_discovery:discover_packages(path) using defaults
[1.271s] Level 1:colcon.colcon_core.package_discovery:discover_packages(prefix_path) check parameters
[1.271s] Level 1:colcon.colcon_core.package_discovery:discover_packages(prefix_path) discover
[1.283s] DEBUG:colcon.colcon_installed_package_information.package_discovery:Found 195 installed packages in /opt/ros/humble
[1.287s] Level 1:colcon.colcon_core.package_discovery:discover_packages(prefix_path) using defaults
[1.440s] Level 5:colcon.colcon_core.verb:set package 'xbox_controler' build argument 'cmake_args' from command line to 'None'
[1.440s] Level 5:colcon.colcon_core.verb:set package 'xbox_controler' build argument 'cmake_target' from command line to 'None'
[1.440s] Level 5:colcon.colcon_core.verb:set package 'xbox_controler' build argument 'cmake_target_skip_unavailable' from command line to 'False'
[1.440s] Level 5:colcon.colcon_core.verb:set package 'xbox_controler' build argument 'cmake_clean_cache' from command line to 'False'
[1.440s] Level 5:colcon.colcon_core.verb:set package 'xbox_controler' build argument 'cmake_clean_first' from command line to 'False'
[1.441s] Level 5:colcon.colcon_core.verb:set package 'xbox_controler' build argument 'cmake_force_configure' from command line to 'False'
[1.441s] Level 5:colcon.colcon_core.verb:set package 'xbox_controler' build argument 'ament_cmake_args' from command line to 'None'
[1.441s] Level 5:colcon.colcon_core.verb:set package 'xbox_controler' build argument 'catkin_cmake_args' from command line to 'None'
[1.441s] Level 5:colcon.colcon_core.verb:set package 'xbox_controler' build argument 'catkin_skip_building_tests' from command line to 'False'
[1.441s] DEBUG:colcon.colcon_core.verb:Building package 'xbox_controler' with the following arguments: {'ament_cmake_args': None, 'build_base': '/home/axarbot/xbox_controller_rpi/xbox_controler/build/xbox_controler', 'catkin_cmake_args': None, 'catkin_skip_building_tests': False, 'cmake_args': None, 'cmake_clean_cache': False, 'cmake_clean_first': False, 'cmake_force_configure': False, 'cmake_target': None, 'cmake_target_skip_unavailable': False, 'install_base': '/home/axarbot/xbox_controller_rpi/xbox_controler/install/xbox_controler', 'merge_install': False, 'path': '/home/axarbot/xbox_controller_rpi/xbox_controler', 'symlink_install': False, 'test_result_base': None}
[1.441s] INFO:colcon.colcon_core.executor:Executing jobs using 'parallel' executor
[1.445s] DEBUG:colcon.colcon_parallel_executor.executor.parallel:run_until_complete
[1.446s] INFO:colcon.colcon_ros.task.ament_python.build:Building ROS package in '/home/axarbot/xbox_controller_rpi/xbox_controler' with build type 'ament_python'
[1.446s] Level 1:colcon.colcon_core.shell:create_environment_hook('xbox_controler', 'ament_prefix_path')
[1.454s] INFO:colcon.colcon_core.plugin_system:Skipping extension 'colcon_core.shell.bat': Not used on non-Windows systems
[1.455s] INFO:colcon.colcon_core.shell:Creating environment hook '/home/axarbot/xbox_controller_rpi/xbox_controler/install/xbox_controler/share/xbox_controler/hook/ament_prefix_path.ps1'
[1.458s] INFO:colcon.colcon_core.shell:Creating environment descriptor '/home/axarbot/xbox_controller_rpi/xbox_controler/install/xbox_controler/share/xbox_controler/hook/ament_prefix_path.dsv'
[1.460s] INFO:colcon.colcon_core.shell:Creating environment hook '/home/axarbot/xbox_controller_rpi/xbox_controler/install/xbox_controler/share/xbox_controler/hook/ament_prefix_path.sh'
[1.464s] INFO:colcon.colcon_core.shell:Skip shell extension 'powershell' for command environment: Not usable outside of PowerShell
[1.464s] DEBUG:colcon.colcon_core.shell:Skip shell extension 'dsv' for command environment
[2.530s] INFO:colcon.colcon_core.task.python.build:Building Python package in '/home/axarbot/xbox_controller_rpi/xbox_controler'
[2.531s] INFO:colcon.colcon_core.shell:Skip shell extension 'powershell' for command environment: Not usable outside of PowerShell
[2.531s] DEBUG:colcon.colcon_core.shell:Skip shell extension 'dsv' for command environment
[4.045s] DEBUG:colcon.colcon_core.event_handler.log_command:Invoking command in '/home/axarbot/xbox_controller_rpi/xbox_controler': PYTHONPATH=/home/axarbot/xbox_controller_rpi/xbox_controler/build/xbox_controler/prefix_override:/usr/lib/python3/dist-packages/colcon_core/task/python/colcon_distutils_commands:/home/axarbot/xbox_controller_rpi/xbox_controler/install/xbox_controler/lib/python3.10/site-packages:${PYTHONPATH} /usr/bin/python3 -W ignore:setup.py install is deprecated -W ignore:easy_install command is deprecated setup.py egg_info --egg-base build/xbox_controler build --build-base /home/axarbot/xbox_controller_rpi/xbox_controler/build/xbox_controler/build install --record /home/axarbot/xbox_controller_rpi/xbox_controler/build/xbox_controler/install.log --single-version-externally-managed install_data
[5.256s] DEBUG:colcon.colcon_core.event_handler.log_command:Invoked command in '/home/axarbot/xbox_controller_rpi/xbox_controler' returned '0': PYTHONPATH=/home/axarbot/xbox_controller_rpi/xbox_controler/build/xbox_controler/prefix_override:/usr/lib/python3/dist-packages/colcon_core/task/python/colcon_distutils_commands:/home/axarbot/xbox_controller_rpi/xbox_controler/install/xbox_controler/lib/python3.10/site-packages:${PYTHONPATH} /usr/bin/python3 -W ignore:setup.py install is deprecated -W ignore:easy_install command is deprecated setup.py egg_info --egg-base build/xbox_controler build --build-base /home/axarbot/xbox_controller_rpi/xbox_controler/build/xbox_controler/build install --record /home/axarbot/xbox_controller_rpi/xbox_controler/build/xbox_controler/install.log --single-version-externally-managed install_data
[5.267s] Level 1:colcon.colcon_core.environment:checking '/home/axarbot/xbox_controller_rpi/xbox_controler/install/xbox_controler' for CMake module files
[5.270s] Level 1:colcon.colcon_core.environment:checking '/home/axarbot/xbox_controller_rpi/xbox_controler/install/xbox_controler' for CMake config files
[5.274s] Level 1:colcon.colcon_core.environment:checking '/home/axarbot/xbox_controller_rpi/xbox_controler/install/xbox_controler/lib'
[5.275s] Level 1:colcon.colcon_core.environment:checking '/home/axarbot/xbox_controller_rpi/xbox_controler/install/xbox_controler/bin'
[5.275s] Level 1:colcon.colcon_core.environment:checking '/home/axarbot/xbox_controller_rpi/xbox_controler/install/xbox_controler/lib/pkgconfig/xbox_controler.pc'
[5.276s] Level 1:colcon.colcon_core.environment:checking '/home/axarbot/xbox_controller_rpi/xbox_controler/install/xbox_controler/lib/python3.10/site-packages'
[5.277s] Level 1:colcon.colcon_core.shell:create_environment_hook('xbox_controler', 'pythonpath')
[5.277s] INFO:colcon.colcon_core.shell:Creating environment hook '/home/axarbot/xbox_controller_rpi/xbox_controler/install/xbox_controler/share/xbox_controler/hook/pythonpath.ps1'
[5.279s] INFO:colcon.colcon_core.shell:Creating environment descriptor '/home/axarbot/xbox_controller_rpi/xbox_controler/install/xbox_controler/share/xbox_controler/hook/pythonpath.dsv'
[5.281s] INFO:colcon.colcon_core.shell:Creating environment hook '/home/axarbot/xbox_controller_rpi/xbox_controler/install/xbox_controler/share/xbox_controler/hook/pythonpath.sh'
[5.284s] Level 1:colcon.colcon_core.environment:checking '/home/axarbot/xbox_controller_rpi/xbox_controler/install/xbox_controler/bin'
[5.285s] Level 1:colcon.colcon_core.environment:create_environment_scripts_only(xbox_controler)
[5.286s] INFO:colcon.colcon_core.shell:Creating package script '/home/axarbot/xbox_controller_rpi/xbox_controler/install/xbox_controler/share/xbox_controler/package.ps1'
[5.289s] INFO:colcon.colcon_core.shell:Creating package descriptor '/home/axarbot/xbox_controller_rpi/xbox_controler/install/xbox_controler/share/xbox_controler/package.dsv'
[5.292s] INFO:colcon.colcon_core.shell:Creating package script '/home/axarbot/xbox_controller_rpi/xbox_controler/install/xbox_controler/share/xbox_controler/package.sh'
[5.295s] INFO:colcon.colcon_core.shell:Creating package script '/home/axarbot/xbox_controller_rpi/xbox_controler/install/xbox_controler/share/xbox_controler/package.bash'
[5.299s] INFO:colcon.colcon_core.shell:Creating package script '/home/axarbot/xbox_controller_rpi/xbox_controler/install/xbox_controler/share/xbox_controler/package.zsh'
[5.302s] Level 1:colcon.colcon_core.environment:create_file_with_runtime_dependencies(/home/axarbot/xbox_controller_rpi/xbox_controler/install/xbox_controler/share/colcon-core/packages/xbox_controler)
[5.303s] DEBUG:colcon.colcon_parallel_executor.executor.parallel:closing loop
[5.304s] DEBUG:colcon.colcon_parallel_executor.executor.parallel:loop closed
[5.304s] DEBUG:colcon.colcon_parallel_executor.executor.parallel:run_until_complete finished with '0'
[5.305s] DEBUG:colcon.colcon_core.event_reactor:joining thread
[5.326s] INFO:colcon.colcon_core.plugin_system:Skipping extension 'colcon_notification.desktop_notification.notify_send': Could not find 'notify-send'
[5.326s] INFO:colcon.colcon_core.plugin_system:Skipping extension 'colcon_notification.desktop_notification.terminal_notifier': Not used on non-Darwin systems
[5.327s] INFO:colcon.colcon_core.plugin_system:Skipping extension 'colcon_notification.desktop_notification.win32': Not used on non-Windows systems
[5.327s] INFO:colcon.colcon_notification.desktop_notification:Sending desktop notification using 'notify2'
[5.330s] DEBUG:colcon.colcon_notification.desktop_notification.notify2:Failed to initialize notify2: org.freedesktop.DBus.Error.ServiceUnknown: The name org.freedesktop.Notifications was not provided by any .service files
[5.330s] DEBUG:colcon.colcon_core.event_reactor:joined thread
[5.331s] INFO:colcon.colcon_core.shell:Creating prefix script '/home/axarbot/xbox_controller_rpi/xbox_controler/install/local_setup.ps1'
[5.335s] INFO:colcon.colcon_core.shell:Creating prefix util module '/home/axarbot/xbox_controller_rpi/xbox_controler/install/_local_setup_util_ps1.py'
[5.342s] INFO:colcon.colcon_core.shell:Creating prefix chain script '/home/axarbot/xbox_controller_rpi/xbox_controler/install/setup.ps1'
[5.347s] INFO:colcon.colcon_core.shell:Creating prefix script '/home/axarbot/xbox_controller_rpi/xbox_controler/install/local_setup.sh'
[5.350s] INFO:colcon.colcon_core.shell:Creating prefix util module '/home/axarbot/xbox_controller_rpi/xbox_controler/install/_local_setup_util_sh.py'
[5.353s] INFO:colcon.colcon_core.shell:Creating prefix chain script '/home/axarbot/xbox_controller_rpi/xbox_controler/install/setup.sh'
[5.357s] INFO:colcon.colcon_core.shell:Creating prefix script '/home/axarbot/xbox_controller_rpi/xbox_controler/install/local_setup.bash'
[5.359s] INFO:colcon.colcon_core.shell:Creating prefix chain script '/home/axarbot/xbox_controller_rpi/xbox_controler/install/setup.bash'
[5.363s] INFO:colcon.colcon_core.shell:Creating prefix script '/home/axarbot/xbox_controller_rpi/xbox_controler/install/local_setup.zsh'
[5.366s] INFO:colcon.colcon_core.shell:Creating prefix chain script '/home/axarbot/xbox_controller_rpi/xbox_controler/install/setup.zsh'
